// Vitest Snapshot v1, https://vitest.dev/guide/snapshot.html

exports[`plugin > should inject dark mode script in index.html 1`] = `
"<html><head>
  <script type="module" src="/@vite/client"></script>
  <script>(function () {
  const prefersDark = window.matchMedia && window.matchMedia('(prefers-color-scheme: dark)').matches
  const setting = localStorage.getItem('vueuse-color-scheme') || 'auto'
  if (setting === 'dark' || (prefersDark && setting !== 'light'))
    document.documentElement.classList.toggle('dark', true)
})()</script>
</head><body></body></html>"
`;
